[backblue.gif]
[fade.gif]
[index.html]
[theme.dsngrid.com/droow/assets/img/favicon.ico]
[theme.dsngrid.com/droow/assets/img/logo-dark.png]
[theme.dsngrid.com/droow/assets/img/logo.png]
[theme.dsngrid.com/droow/assets/img/project/project9/1.jpg]
[theme.dsngrid.com/droow/assets/img/project/project4/1.jpg]
[theme.dsngrid.com/droow/assets/img/project/project3/1.jpg]
[theme.dsngrid.com/droow/assets/img/project/project8/1.jpg]
[theme.dsngrid.com/droow/assets/img/project/project7/1.jpg]
[theme.dsngrid.com/droow/assets/img/project/project6/1.jpg]
[theme.dsngrid.com/droow/assets/img/project/project1/1.jpg]
[theme.dsngrid.com/droow/assets/img/project/project2/1.jpg]
[theme.dsngrid.com/droow/assets/img/project/project5/1.jpg]
[theme.dsngrid.com/droow/assets/img/project/project9/6.jpg]
[theme.dsngrid.com/droow/assets/img/project/project4/13.jpg]
[theme.dsngrid.com/droow/assets/img/project/project3/3.jpg]
[theme.dsngrid.com/droow/assets/img/project/project8/2.jpg]
[theme.dsngrid.com/droow/assets/img/project/project7/2.jpg]
[theme.dsngrid.com/droow/assets/img/project/project6/4.jpg]
[theme.dsngrid.com/droow/assets/img/project/project1/2.jpg]
[theme.dsngrid.com/droow/assets/img/project/project2/3.jpg]
[theme.dsngrid.com/droow/assets/img/project/project5/4.jpg]
[theme.dsngrid.com/droow/assets/img/bgg.jpg]
[theme.dsngrid.com/droow/assets/img/services/1.png]
[theme.dsngrid.com/droow/assets/img/services/2.png]
[theme.dsngrid.com/droow/assets/img/services/3.png]
[theme.dsngrid.com/droow/assets/img/project/project9/7.jpg]
[theme.dsngrid.com/droow/assets/img/avatar/1.jpg]
[theme.dsngrid.com/droow/assets/img/avatar/2.jpg]
[theme.dsngrid.com/droow/assets/img/avatar/3.jpg]
[theme.dsngrid.com/droow/assets/img/blog/1.jpg]
[theme.dsngrid.com/droow/assets/img/blog/2.jpg]
[theme.dsngrid.com/droow/assets/img/blog/3.jpg]
[theme.dsngrid.com/droow/assets/img/logo/1.png]
[theme.dsngrid.com/droow/assets/img/logo/2.png]
[theme.dsngrid.com/droow/assets/img/logo/3.png]
[theme.dsngrid.com/droow/assets/img/logo/4.png]
[theme.dsngrid.com/droow/assets/img/logo/5.png]
[theme.dsngrid.com/droow/assets/img/logo/6.png]
[theme.dsngrid.com/droow/assets/js/jquery-3.1.1.min.js]
[theme.dsngrid.com/droow/assets/js/plugins.js]
[theme.dsngrid.com/droow/assets/js/dsn-grid.js]
[theme.dsngrid.com/droow/assets/js/custom.js]
[theme.dsngrid.com/droow/index.html]
[theme.dsngrid.com/droow/assets/css/plugins.css]
[theme.dsngrid.com/droow/assets/img/circle-dotted.png]
[theme.dsngrid.com/droow/assets/css/style.css]
[theme.dsngrid.com/droow/index-2.html]
[theme.dsngrid.com/droow/assets/img/arrow-right-wight.png]
[theme.dsngrid.com/droow/assets/img/skills-2.jpg]
[theme.dsngrid.com/droow/assets/img/team/1.png]
[theme.dsngrid.com/droow/assets/img/team/2.png]
[theme.dsngrid.com/droow/assets/img/team/3.png]
[theme.dsngrid.com/droow/assets/img/team/4.png]
[theme.dsngrid.com/droow/one-page-3.html]
[theme.dsngrid.com/droow/assets/img/video-bg.jpg]
[theme.dsngrid.com/droow/one-page-4.html]
[theme.dsngrid.com/droow/assets/img/project/project4/2.jpg]
[theme.dsngrid.com/droow/slider.html]
[theme.dsngrid.com/droow/slider2.html]
[theme.dsngrid.com/droow/slider3.html]
[theme.dsngrid.com/droow/assets/img/pexels.jpg]
[theme.dsngrid.com/droow/assets/img/skills.jpg]
[theme.dsngrid.com/droow/about.html]
[theme.dsngrid.com/droow/work.html]
[theme.dsngrid.com/droow/assets/img/project/project5/2.jpg]
[theme.dsngrid.com/droow/assets/img/project/project5/3.jpg]
[theme.dsngrid.com/droow/assets/img/project/project5/5.jpg]
[theme.dsngrid.com/droow/assets/img/project/project5/6.jpg]
[theme.dsngrid.com/droow/project-5.html]
[theme.dsngrid.com/droow/assets/img/blog/4.jpg]
[theme.dsngrid.com/droow/blog.html]
[theme.dsngrid.com/droow/contact.html]
[theme.dsngrid.com/droow/assets/img/project/project4/3.jpg]
[theme.dsngrid.com/droow/assets/img/project/project4/4.jpg]
[theme.dsngrid.com/droow/assets/img/project/project4/5.jpg]
[theme.dsngrid.com/droow/assets/img/project/project4/6.jpg]
[theme.dsngrid.com/droow/assets/img/project/project4/7.jpg]
[theme.dsngrid.com/droow/assets/img/project/project4/8.jpg]
[theme.dsngrid.com/droow/assets/img/project/project4/9.jpg]
[theme.dsngrid.com/droow/assets/img/project/project4/10.jpg]
[theme.dsngrid.com/droow/assets/img/project/project4/11.jpg]
[theme.dsngrid.com/droow/assets/img/project/project4/12.jpg]
[theme.dsngrid.com/droow/project-4.html]
[theme.dsngrid.com/droow/assets/img/project/project3/2.jpg]
[theme.dsngrid.com/droow/project-3.html]
[theme.dsngrid.com/droow/assets/img/project/project8/3.jpg]
[theme.dsngrid.com/droow/assets/img/project/project8/4.jpg]
[theme.dsngrid.com/droow/assets/img/project/project8/5.jpg]
[theme.dsngrid.com/droow/assets/img/project/project8/6.jpg]
[theme.dsngrid.com/droow/project-8.html]
[theme.dsngrid.com/droow/assets/img/project/project6/2.jpg]
[theme.dsngrid.com/droow/assets/img/project/project6/3.jpg]
[theme.dsngrid.com/droow/assets/img/project/project6/5.jpg]
[theme.dsngrid.com/droow/project-6.html]
[theme.dsngrid.com/droow/assets/img/project/project1/3.jpg]
[theme.dsngrid.com/droow/assets/img/project/project1/4.jpg]
[theme.dsngrid.com/droow/assets/img/project/project1/5.jpg]
[theme.dsngrid.com/droow/assets/img/project/project1/6.jpg]
[theme.dsngrid.com/droow/project-1.html]
[theme.dsngrid.com/droow/assets/img/project/project1/1.jpg]
[theme.dsngrid.com/droow/assets/img/project/project2/2.jpg]
[theme.dsngrid.com/droow/assets/img/project/project2/4.gif]
[theme.dsngrid.com/droow/project-2.html]
[theme.dsngrid.com/droow/assets/img/bgg.jpg]
[theme.dsngrid.com/droow/assets/css/plugins/bootstrap-grid.min.css]
[theme.dsngrid.com/droow/assets/fonts/fa-brands-400.woff2]
[theme.dsngrid.com/droow/assets/fonts/fa-brands-400.woff]
[theme.dsngrid.com/droow/assets/fonts/fa-regular-400.woff2]
[theme.dsngrid.com/droow/assets/fonts/fa-regular-400.woff]
[theme.dsngrid.com/droow/assets/fonts/fa-solid-900.woff2]
[theme.dsngrid.com/droow/assets/fonts/fa-solid-900.woff]
[theme.dsngrid.com/droow/assets/css/plugins/fontawesome-all.min.css]
[theme.dsngrid.com/droow/assets/css/plugins/animate.css]
[theme.dsngrid.com/droow/assets/css/plugins/slick.css]
[theme.dsngrid.com/droow/assets/css/plugins/swiper.min.css]
[theme.dsngrid.com/droow/assets/css/plugins/aos.css]
[theme.dsngrid.com/droow/assets/css/plugins/justifiedGallery.min.css]
[theme.dsngrid.com/droow/assets/css/plugins/magnific-popup.css]
[theme.dsngrid.com/droow/assets/css/plugins/youtubepopup.css]
[theme.dsngrid.com/droow/assets/img/project/project9/2.jpg]
[theme.dsngrid.com/droow/assets/img/project/project9/3.jpg]
[theme.dsngrid.com/droow/assets/img/project/project9/4.jpg]
[theme.dsngrid.com/droow/assets/img/project/project9/5.jpg]
[theme.dsngrid.com/droow/assets/img/project/project9/13.jpg]
[theme.dsngrid.com/droow/assets/img/project/project9/8.jpg]
[theme.dsngrid.com/droow/assets/img/project/project9/9.jpg]
[theme.dsngrid.com/droow/assets/img/project/project9/10.jpg]
[theme.dsngrid.com/droow/assets/img/project/project9/11.jpg]
[theme.dsngrid.com/droow/assets/img/project/project9/12.jpg]
[theme.dsngrid.com/droow/project-9.html]
[theme.dsngrid.com/droow/assets/img/project/project7/3.jpg]
[theme.dsngrid.com/droow/assets/img/project/project7/4.jpg]
[theme.dsngrid.com/droow/assets/img/project/project7/5.jpg]
[theme.dsngrid.com/droow/project-7.html]
[theme.dsngrid.com/droow/post.html]
