[abcgomel.ru/amilia/index04b9.html]
[backblue.gif]
[fade.gif]
[index.html]
[abcgomel.ru/amilia/css/bootstrap.min.css]
[abcgomel.ru/amilia/rs-plugin/css/settings.css]
[abcgomel.ru/amilia/css/revo-slider/custom.css]
[abcgomel.ru/amilia/css/icons-fonts.css]
[abcgomel.ru/amilia/css/style.css]
[abcgomel.ru/amilia/css/colors/yellow.css]
[abcgomel.ru/amilia/css/animate.min.css]
[abcgomel.ru/amilia/index.html]
[abcgomel.ru/amilia/images/logo.png]
[abcgomel.ru/amilia/index2.html]
[abcgomel.ru/amilia/index3.html]
[abcgomel.ru/amilia/index4.html]
[abcgomel.ru/amilia/index5.html]
[abcgomel.ru/amilia/index6.html]
[abcgomel.ru/amilia/index-blog.html]
[abcgomel.ru/amilia/index-blog-2.html]
[abcgomel.ru/amilia/index-portfolio.html]
[abcgomel.ru/amilia/index-light.html]
[abcgomel.ru/amilia/index-video.html]
[abcgomel.ru/amilia/index-animate.html]
[abcgomel.ru/amilia/index-full-screen.html]
[abcgomel.ru/amilia/index-one-page.html]
[abcgomel.ru/amilia/index-flex-slider.html]
[abcgomel.ru/amilia/index-no-slider.html]
[abcgomel.ru/amilia/index-header-1.html]
[abcgomel.ru/amilia/index-header-2.html]
[abcgomel.ru/amilia/index-header-3.html]
[abcgomel.ru/amilia/index-header-4.html]
[abcgomel.ru/amilia/index-header-5.html]
[abcgomel.ru/amilia/index-header-below.html]
[abcgomel.ru/amilia/index-header-always-sticky.html]
[abcgomel.ru/amilia/index-header-not-sticky.html]
[abcgomel.ru/amilia/typography.html]
[abcgomel.ru/amilia/grid-system.html]
[abcgomel.ru/amilia/icons.html]
[abcgomel.ru/amilia/animations.html]
[abcgomel.ru/amilia/featured-boxes.html]
[abcgomel.ru/amilia/layout-full-width.html]
[abcgomel.ru/amilia/layout-left-sidebar.html]
[abcgomel.ru/amilia/about-us.html]
[abcgomel.ru/amilia/layout-right-sidebar.html]
[abcgomel.ru/amilia/about-us-2.html]
[abcgomel.ru/amilia/about-me.html]
[abcgomel.ru/amilia/team.html]
[abcgomel.ru/amilia/services.html]
[abcgomel.ru/amilia/faq.html]
[abcgomel.ru/amilia/coming-soon.html]
[abcgomel.ru/amilia/maintenance-page.html]
[abcgomel.ru/amilia/404.html]
[abcgomel.ru/amilia/index-footer-1.html]
[abcgomel.ru/amilia/index-footer-2.html]
[abcgomel.ru/amilia/index-footer-3.html]
[abcgomel.ru/amilia/index-footer-4.html]
[abcgomel.ru/amilia/index-footer-animate.html]
[abcgomel.ru/amilia/portfolio-2-col.html]
[abcgomel.ru/amilia/portfolio-3-col.html]
[abcgomel.ru/amilia/portfolio-4-col.html]
[abcgomel.ru/amilia/portfolio-masonry.html]
[abcgomel.ru/amilia/portfolio-timeline.html]
[abcgomel.ru/amilia/portfolio-full-width.html]
[abcgomel.ru/amilia/portfolio-no-filter.html]
[abcgomel.ru/amilia/portfolio-single-default.html]
[abcgomel.ru/amilia/portfolio-single-slider.html]
[abcgomel.ru/amilia/blog-large-image.html]
[abcgomel.ru/amilia/blog-masonry.html]
[abcgomel.ru/amilia/blog-masonry-ajax.html]
[abcgomel.ru/amilia/blog-timeline.html]
[abcgomel.ru/amilia/blog-full-width.html]
[abcgomel.ru/amilia/blog-left-sidebar.html]
[abcgomel.ru/amilia/blog-small-image.html]
[abcgomel.ru/amilia/blog-right-sidebar.html]
[abcgomel.ru/amilia/blog-single-disqus.html]
[abcgomel.ru/amilia/blog-single.html]
[abcgomel.ru/amilia/blog-single-left.html]
[abcgomel.ru/amilia/contact.html]
[abcgomel.ru/amilia/contact2.html]
[abcgomel.ru/amilia/images/map.jpg]
[abcgomel.ru/amilia/images/revo-slider/dummy.png]
[abcgomel.ru/amilia/images/revo-slider/girl1.png]
[abcgomel.ru/amilia/images/revo-slider/slider-1-arrow.png]
[abcgomel.ru/amilia/images/revo-slider/iphone-hand.png]
[abcgomel.ru/amilia/images/revo-slider/pulse1.png]
[abcgomel.ru/amilia/images/revo-slider/hand-left.png]
[abcgomel.ru/amilia/images/revo-slider/macbook2.png]
[abcgomel.ru/amilia/images/revo-slider/imac1.png]
[abcgomel.ru/amilia/images/revo-slider/lupe_macbook.png]
[abcgomel.ru/amilia/images/revo-slider/lupe_imac.png]
[abcgomel.ru/amilia/portfolio.html]
[abcgomel.ru/amilia/images/content/port-sqr-1.jpg]
[abcgomel.ru/amilia/portfolio-single.html]
[abcgomel.ru/amilia/images/content/port-sqr-2.jpg]
[abcgomel.ru/amilia/images/content/port-sqr-3.jpg]
[abcgomel.ru/amilia/images/content/port-sqr-4.jpg]
[abcgomel.ru/amilia/images/content/port-sqr-5.jpg]
[abcgomel.ru/amilia/images/content/port-sqr-6.jpg]
[abcgomel.ru/amilia/images/content/port-sqr-7.jpg]
[abcgomel.ru/amilia/images/content/port-sqr-8.jpg]
[abcgomel.ru/amilia/images/feature7-phone.png]
[abcgomel.ru/amilia/images/content/blog-3.jpg]
[abcgomel.ru/amilia/images/content/blog-sqr-3.jpg]
[abcgomel.ru/amilia/images/content/ts-author.jpg]
[abcgomel.ru/amilia/images/logos/logo1.png]
[abcgomel.ru/amilia/images/logos/logo2.png]
[abcgomel.ru/amilia/images/logos/logo3.png]
[abcgomel.ru/amilia/images/logos/logo4.png]
[abcgomel.ru/amilia/images/logos/logo5.png]
[abcgomel.ru/amilia/images/logos/logo6.png]
[abcgomel.ru/amilia/images/logos/logo7.png]
[ajax.googleapis.com/ajax/libs/jquery/1.11.2/jquery.min.js]
[abcgomel.ru/amilia/js/jquery-ui.min.js]
[abcgomel.ru/amilia/js/jquery.min.js]
[abcgomel.ru/amilia/rs-plugin/js/jquery.themepunch.revolution-custom.min.js]
[abcgomel.ru/amilia/rs-plugin/js/jquery.themepunch.tools.min.js]
[abcgomel.ru/amilia/js/bootstrap.min.js]
[abcgomel.ru/amilia/js/owl-carousel/owl.carousel.min.js]
[abcgomel.ru/amilia/js/gmap3.min.js]
[abcgomel.ru/amilia/js/jquery.magnific-popup.js]
[abcgomel.ru/amilia/index04b9.html]
[abcgomel.ru/amilia/js/main.js]
[abcgomel.ru/amilia/favicon.ico]
[abcgomel.ru/amilia/fonts/glyphicons-halflings-regulard41d.eot]
[abcgomel.ru/amilia/fonts/glyphicons-halflings-regular.woff]
[abcgomel.ru/amilia/fonts/glyphicons-halflings-regular.ttf]
[abcgomel.ru/amilia/css/bootstrap.min.css]
[abcgomel.ru/amilia/fonts/glyphicons-halflings-regular.svg]
[abcgomel.ru/amilia/rs-plugin/assets/shadow1.png]
[abcgomel.ru/amilia/rs-plugin/assets/shadow2.png]
[abcgomel.ru/amilia/rs-plugin/assets/shadow3.png]
[abcgomel.ru/amilia/rs-plugin/assets/gridtile.png]
[abcgomel.ru/amilia/rs-plugin/assets/gridtile_white.png]
[abcgomel.ru/amilia/rs-plugin/assets/gridtile_3x3.png]
[abcgomel.ru/amilia/rs-plugin/assets/gridtile_3x3_white.png]
[abcgomel.ru/amilia/rs-plugin/assets/boxed_bgtile.png]
[abcgomel.ru/amilia/rs-plugin/assets/navigdots_bgtile.png]
[abcgomel.ru/amilia/rs-plugin/assets/bullet.png]
[abcgomel.ru/amilia/rs-plugin/assets/bullets.png]
[abcgomel.ru/amilia/rs-plugin/assets/bullets2.png]
[abcgomel.ru/amilia/rs-plugin/assets/bullet_boxed.png]
[abcgomel.ru/amilia/rs-plugin/assets/navigdots.png]
[abcgomel.ru/amilia/rs-plugin/assets/large_left.png]
[abcgomel.ru/amilia/rs-plugin/assets/large_right.png]
[abcgomel.ru/amilia/rs-plugin/assets/small_left.png]
[abcgomel.ru/amilia/rs-plugin/assets/small_right.png]
[abcgomel.ru/amilia/rs-plugin/assets/arrow_left.png]
[abcgomel.ru/amilia/rs-plugin/assets/arrow_right.png]
[abcgomel.ru/amilia/rs-plugin/assets/small_left_boxed.png]
[abcgomel.ru/amilia/rs-plugin/assets/arrowleft.png]
[abcgomel.ru/amilia/rs-plugin/assets/arrow_left2.png]
[abcgomel.ru/amilia/rs-plugin/assets/arrow_right2.png]
[abcgomel.ru/amilia/rs-plugin/assets/timer.png]
[abcgomel.ru/amilia/rs-plugin/assets/coloredbg.png]
[abcgomel.ru/amilia/rs-plugin/assets/loader.gif]
[abcgomel.ru/amilia/rs-plugin/font/revicons90c6.eot]
[abcgomel.ru/amilia/rs-plugin/font/revicons90c6.woff]
[abcgomel.ru/amilia/rs-plugin/font/revicons90c6.ttf]
[abcgomel.ru/amilia/rs-plugin/font/revicons90c6.svg]
[abcgomel.ru/amilia/rs-plugin/css/settings.css]
[abcgomel.ru/amilia/css/revo-slider/custom.css]
[abcgomel.ru/amilia/fonts/ElegantIconsd41d.eot]
[abcgomel.ru/amilia/fonts/ElegantIcons.woff]
[abcgomel.ru/amilia/fonts/ElegantIcons.ttf]
[abcgomel.ru/amilia/fonts/ElegantIcons.svg]
[abcgomel.ru/amilia/fonts/fontawesome-webfont78ce.eot]
[abcgomel.ru/amilia/fonts/fontawesome-webfontd41d.eot]
[abcgomel.ru/amilia/fonts/fontawesome-webfont78ce.ttf]
[abcgomel.ru/amilia/css/icons-fonts.css]
[abcgomel.ru/amilia/fonts/Oswald-Light-webfont.eot]
[abcgomel.ru/amilia/fonts/Oswald-Light-webfont.woff]
[abcgomel.ru/amilia/fonts/Oswald-Light-webfont.ttf]
[abcgomel.ru/amilia/fonts/Oswald-Light-webfontd41d.eot]
[abcgomel.ru/amilia/fonts/Oswald-Light-webfont.svg]
[abcgomel.ru/amilia/fonts/Oswald-Regular-webfont.eot]
[abcgomel.ru/amilia/fonts/Oswald-Regular-webfont.woff]
[abcgomel.ru/amilia/fonts/Oswald-Regular-webfontd41d.eot]
[abcgomel.ru/amilia/fonts/Oswald-Regular-webfont.ttf]
[abcgomel.ru/amilia/fonts/Oswald-Bold-webfont.eot]
[abcgomel.ru/amilia/fonts/Oswald-Bold-webfontd41d.eot]
[abcgomel.ru/amilia/fonts/Oswald-Bold-webfont.woff]
[abcgomel.ru/amilia/fonts/Oswald-Regular-webfont.svg]
[abcgomel.ru/amilia/fonts/Oswald-Bold-webfont.svg]
[abcgomel.ru/amilia/fonts/Oswald-Stencil-webfont.eot]
[abcgomel.ru/amilia/fonts/Oswald-Stencil-webfontd41d.eot]
[abcgomel.ru/amilia/fonts/Oswald-Stencil-webfont.woff]
[abcgomel.ru/amilia/fonts/Oswald-Stencil-webfont.ttf]
[abcgomel.ru/amilia/fonts/Oswald-Stencil-webfont.svg]
[abcgomel.ru/amilia/images/next-small-black.png]
[abcgomel.ru/amilia/images/next-small-white.png]
[abcgomel.ru/amilia/images/prev-small-black.png]
[abcgomel.ru/amilia/images/prev-small-white.png]
[abcgomel.ru/amilia/images/quote2.png]
[abcgomel.ru/amilia/images/next-extra-small.png]
[abcgomel.ru/amilia/images/prev-extra-small.png]
[abcgomel.ru/amilia/images/prev-extra-small-black.png]
[abcgomel.ru/amilia/images/next-extra-small-black.png]
[abcgomel.ru/amilia/images/arrow-rm.png]
[abcgomel.ru/amilia/images/arrow-rm-hover.png]
[abcgomel.ru/amilia/images/arrow-rm-white.png]
[abcgomel.ru/amilia/images/back-top.png]
[abcgomel.ru/amilia/images/back-top-black.png]
[abcgomel.ru/amilia/images/rider-860.jpg]
[abcgomel.ru/amilia/images/slogan-arrow.png]
[abcgomel.ru/amilia/images/f-box4-bg.png]
[abcgomel.ru/amilia/images/plus.png]
[abcgomel.ru/amilia/images/plus-black.png]
[abcgomel.ru/amilia/images/minus-black.png]
[abcgomel.ru/amilia/images/feature7-bg.jpg]
[abcgomel.ru/amilia/images/feature5-bg.png]
[abcgomel.ru/amilia/images/features2-line.png]
[abcgomel.ru/amilia/css/grabbing.png]
[abcgomel.ru/amilia/css/AjaxLoader.gif]
[abcgomel.ru/amilia/images/bg/bg-body.jpg]
[abcgomel.ru/amilia/images/bg/shattered.png]
[abcgomel.ru/amilia/images/bg/satinweave.png]
[abcgomel.ru/amilia/images/bg/extra_clean_paper.png]
[abcgomel.ru/amilia/images/bg/prev-bg_img04.jpg]
[abcgomel.ru/amilia/images/bg/prev-bg_img03.jpg]
[abcgomel.ru/amilia/images/bg/prev-bg_img02.jpg]
[abcgomel.ru/amilia/images/arrow-rm@2x.png]
[abcgomel.ru/amilia/images/back-top@2x.png]
[abcgomel.ru/amilia/images/back-top-black@2x.png]
[abcgomel.ru/amilia/images/features2-line@2x.png]
[abcgomel.ru/amilia/images/next-small-black@2x.png]
[abcgomel.ru/amilia/images/next-small-white@2x.png]
[abcgomel.ru/amilia/images/prev-small-black@2x.png]
[abcgomel.ru/amilia/images/prev-small-white@2x.png]
[abcgomel.ru/amilia/images/minus-black@2x.png]
[abcgomel.ru/amilia/images/plus-black@2x.png]
[abcgomel.ru/amilia/images/plus@2x.png]
[abcgomel.ru/amilia/images/quote2@2x.png]
[abcgomel.ru/amilia/images/slogan-arrow@2x.png]
[abcgomel.ru/amilia/images/prev-extra-small@2x.png]
[abcgomel.ru/amilia/images/prev-extra-small-black@2x.png]
[abcgomel.ru/amilia/images/next-extra-small@2x.png]
[abcgomel.ru/amilia/css/style.css]
[abcgomel.ru/amilia/css/layout/wide.css]
[abcgomel.ru/amilia/css/colors/yellow.css]
[abcgomel.ru/amilia/css/animate.min.css]
[abcgomel.ru/amilia/index.html]
[abcgomel.ru/amilia/images/logo-alt.png]
[abcgomel.ru/amilia/images/revo-slider/men1.png]
[abcgomel.ru/amilia/images/revo-slider/car-off.png]
[abcgomel.ru/amilia/images/revo-slider/car-on.png]
[abcgomel.ru/amilia/images/revo-slider/laptopmockup_sliderdy.jpg]
[abcgomel.ru/amilia/images/content/blog-1.jpg]
[abcgomel.ru/amilia/images/content/blog-sqr-1.jpg]
[abcgomel.ru/amilia/images/content/blog-2.jpg]
[abcgomel.ru/amilia/images/content/blog-sqr-2.jpg]
[abcgomel.ru/amilia/images/content/blog-4.jpg]
[abcgomel.ru/amilia/images/content/blog-sqr-4.jpg]
[abcgomel.ru/amilia/images/content/blog-5.jpg]
[abcgomel.ru/amilia/images/content/blog-sqr-5.jpg]
[abcgomel.ru/amilia/images/content/blog-sqr-6.jpg]
[abcgomel.ru/amilia/images/content/blog-6.jpg]
[abcgomel.ru/amilia/js/twitter/jquery.tweet.js]
[abcgomel.ru/amilia/index2.html]
[abcgomel.ru/amilia/images/revo-slider/girl-umbrela.png]
[abcgomel.ru/amilia/images/revo-slider/snowboard.png]
[abcgomel.ru/amilia/images/slogan-arrow-black.png]
[abcgomel.ru/amilia/images/girl-features-3.png]
[abcgomel.ru/amilia/images/content/team-1.jpg]
[abcgomel.ru/amilia/images/content/team-2.jpg]
[abcgomel.ru/amilia/images/content/team-3.jpg]
[abcgomel.ru/amilia/images/content/team-4.jpg]
[abcgomel.ru/amilia/images/content/client-1.jpg]
[abcgomel.ru/amilia/js/jquery.isotope.min.js]
[abcgomel.ru/amilia/js/wow.min.js]
[abcgomel.ru/amilia/js/jquery.inview.js]
[abcgomel.ru/amilia/index3.html]
[abcgomel.ru/amilia/js/jquery.circliful.js]
[abcgomel.ru/amilia/css/flexslider.css]
[abcgomel.ru/amilia/images/flexslider/slider-bg-1.jpg]
[abcgomel.ru/amilia/images/flexslider/slider-item-1.png]
[cdnjs.cloudflare.com/ajax/libs/modernizr/2.8.2/modernizr.js]
[abcgomel.ru/amilia/images/flexslider/slider-bg-2.jpg]
[abcgomel.ru/amilia/images/flexslider/slider-item-2.png]
[abcgomel.ru/amilia/images/flexslider/slider-bg-3.jpg]
[abcgomel.ru/amilia/images/flexslider/jump-men.png]
[abcgomel.ru/amilia/js/flex-slider.js]
[abcgomel.ru/amilia/index4.html]
[abcgomel.ru/amilia/images/content/iphone.png]
[abcgomel.ru/amilia/index5.html]
[abcgomel.ru/amilia/index6.html]
[abcgomel.ru/amilia/images/content/blog-full-3.jpg]
[abcgomel.ru/amilia/images/content/blog-full-4.jpg]
[abcgomel.ru/amilia/images/content/blog-full-5.jpg]
[abcgomel.ru/amilia/images/content/blog-full-2.jpg]
[abcgomel.ru/amilia/index-blog.html]
[abcgomel.ru/amilia/images/content/blog-wide-1.jpg]
[abcgomel.ru/amilia/images/content/blog-wide-4.jpg]
[abcgomel.ru/amilia/images/content/blog-wide-2.jpg]
[abcgomel.ru/amilia/images/content/blog-sqr-1-popular.jpg]
[abcgomel.ru/amilia/images/content/blog-sqr-2-popular.jpg]
[abcgomel.ru/amilia/images/content/blog-sqr-4-popular.jpg]
[abcgomel.ru/amilia/images/content/blog-sqr-5-popular.jpg]
[abcgomel.ru/amilia/index-blog-2.html]
[abcgomel.ru/amilia/images/content/video-youtube-bg-sqr.jpg]
[abcgomel.ru/amilia/images/content/video-vimeo-bg-sqr.jpg]
[abcgomel.ru/amilia/images/content/port-sqr-9.jpg]
[abcgomel.ru/amilia/images/content/port-sqr-10.jpg]
[abcgomel.ru/amilia/index-portfolio.html]
[abcgomel.ru/amilia/index-light.html]
[abcgomel.ru/amilia/index-animate.html]
[abcgomel.ru/amilia/js/jquery.isotope-full-width.min.js]
[abcgomel.ru/amilia/images/revo-slider/video_woman_cover3.jpg]
[abcgomel.ru/amilia/video/woman_sun.mp4]
[abcgomel.ru/amilia/video/woman_sun.webm]
[abcgomel.ru/amilia/images/revo-slider/video-slide-2-cover-3.jpg]
[abcgomel.ru/amilia/video/video-slide-2.mp4]
[abcgomel.ru/amilia/video/video-slide-2.webm]
[abcgomel.ru/amilia/images/revo-slider/video-slide-3-cover-3.jpg]
[abcgomel.ru/amilia/video/video-slide-3.mp4]
[abcgomel.ru/amilia/video/video-slide-3.webm]
[abcgomel.ru/amilia/index-video.html]
[abcgomel.ru/amilia/images/revo-slider/biker.png]
[abcgomel.ru/amilia/index-full-screen.html]
[abcgomel.ru/amilia/images/content/office-building.jpg]
[abcgomel.ru/amilia/images/content/about-us.jpg]
[abcgomel.ru/amilia/js/jquery.nav.js]
[abcgomel.ru/amilia/js/jquery.validation.js]
[abcgomel.ru/amilia/js/contact-form-validation.js]
[abcgomel.ru/amilia/js/jquery.placeholder.js]
[abcgomel.ru/amilia/index-one-page.html]
[abcgomel.ru/amilia/index-no-slider.html]
[abcgomel.ru/amilia/index-flex-slider.html]
[abcgomel.ru/amilia/shortcodes.html]
[abcgomel.ru/amilia/index-header-1.html]
[abcgomel.ru/amilia/index-header-2.html]
[abcgomel.ru/amilia/index-header-3.html]
[abcgomel.ru/amilia/index-header-4.html]
[abcgomel.ru/amilia/index-header-5.html]
[abcgomel.ru/amilia/js/jquery.sticky.js]
[abcgomel.ru/amilia/index-header-below.html]
[abcgomel.ru/amilia/index-header-always-sticky.html]
[abcgomel.ru/amilia/index-header-not-sticky.html]
[abcgomel.ru/amilia/typography.html]
[abcgomel.ru/amilia/grid-system.html]
[abcgomel.ru/amilia/icons.html]
[abcgomel.ru/amilia/images/content/demo-animate.png]
[abcgomel.ru/amilia/animations.html]
[abcgomel.ru/amilia/featured-boxes.html]
[abcgomel.ru/amilia/layout-full-width.html]
[abcgomel.ru/amilia/layout-left-sidebar.html]
[abcgomel.ru/amilia/layout-right-sidebar.html]
[abcgomel.ru/amilia/images/content/about-us-big.jpg]
[abcgomel.ru/amilia/about-us.html]
[abcgomel.ru/amilia/about-us-2.html]
[abcgomel.ru/amilia/images/content/about-me.jpg]
[abcgomel.ru/amilia/about-me.html]
[abcgomel.ru/amilia/images/content/team-1-big.jpg]
[abcgomel.ru/amilia/images/content/team-2-big.jpg]
[abcgomel.ru/amilia/images/content/team-5.jpg]
[abcgomel.ru/amilia/images/content/team-6.jpg]
[abcgomel.ru/amilia/images/content/team-7.jpg]
[abcgomel.ru/amilia/images/content/team-8.jpg]
[abcgomel.ru/amilia/images/content/team-9.jpg]
[abcgomel.ru/amilia/images/content/team-10.jpg]
[abcgomel.ru/amilia/team.html]
[abcgomel.ru/amilia/services.html]
[abcgomel.ru/amilia/faq.html]
[abcgomel.ru/amilia/js/styleswitcher.js]
[abcgomel.ru/amilia/js/jquery-cookie.js]
[abcgomel.ru/amilia/coming-soon.html]
[abcgomel.ru/amilia/maintenance-page.html]
[abcgomel.ru/amilia/images/content/404.png]
[abcgomel.ru/amilia/404.html]
[abcgomel.ru/amilia/index-footer-1.html]
[abcgomel.ru/amilia/index-footer-2.html]
[abcgomel.ru/amilia/index-footer-3.html]
[abcgomel.ru/amilia/index-footer-4.html]
[abcgomel.ru/amilia/index-footer-animate.html]
[abcgomel.ru/amilia/images/content/port-big-1.jpg]
[abcgomel.ru/amilia/images/content/port-wide-1.jpg]
[abcgomel.ru/amilia/images/content/port-wide-2.jpg]
[abcgomel.ru/amilia/images/content/video-youtube-bg-wide.jpg]
[abcgomel.ru/amilia/images/content/port-big-4.jpg]
[abcgomel.ru/amilia/images/content/port-wide-4.jpg]
[abcgomel.ru/amilia/images/content/port-big-5.jpg]
[abcgomel.ru/amilia/images/content/port-wide-5.jpg]
[abcgomel.ru/amilia/images/content/video-vimeo-bg-wide.jpg]
[abcgomel.ru/amilia/portfolio-2-col.html]
[abcgomel.ru/amilia/images/content/port-sqr-11.jpg]
[abcgomel.ru/amilia/portfolio-3-col.html]
[abcgomel.ru/amilia/images/content/port-sqr-12.jpg]
[abcgomel.ru/amilia/portfolio-4-col.html]
[abcgomel.ru/amilia/images/content/port-h-1.jpg]
[abcgomel.ru/amilia/images/content/port-h-3.jpg]
[abcgomel.ru/amilia/images/content/port-h-2.jpg]
[abcgomel.ru/amilia/images/content/port-h-4.jpg]
[abcgomel.ru/amilia/images/content/port-sqr-13.jpg]
[abcgomel.ru/amilia/portfolio-masonry.html]
[abcgomel.ru/amilia/images/content/port-big-6.jpg]
[abcgomel.ru/amilia/portfolio-timeline.html]
[abcgomel.ru/amilia/portfolio-full-width.html]
[abcgomel.ru/amilia/portfolio-no-filter.html]
[abcgomel.ru/amilia/images/content/port-single-1.jpg]
[abcgomel.ru/amilia/portfolio-single-default.html]
[abcgomel.ru/amilia/images/content/port-single-2-big.jpg]
[abcgomel.ru/amilia/images/content/port-single-3.jpg]
[abcgomel.ru/amilia/images/content/port-single-4-big.jpg]
[abcgomel.ru/amilia/images/content/port-single-4.jpg]
[abcgomel.ru/amilia/images/content/port-single-3-big.jpg]
[abcgomel.ru/amilia/portfolio-single-slider.html]
[abcgomel.ru/amilia/blog-large-image.html]
[abcgomel.ru/amilia/images/content/video-youtube-bg.jpg]
[abcgomel.ru/amilia/audio/swan-lake.ogg]
[abcgomel.ru/amilia/audio/swan-lake.mp3]
[abcgomel.ru/amilia/images/content/port-wide-3.jpg]
[abcgomel.ru/amilia/images/content/blog-sqr-8.jpg]
[abcgomel.ru/amilia/images/content/blog-sqr-10.jpg]
[abcgomel.ru/amilia/images/content/blog-sqr-9.jpg]
[abcgomel.ru/amilia/blog-masonry.html]
[abcgomel.ru/amilia/blog-masonry-page-2.html]
[abcgomel.ru/amilia/js/jquery.infinitescroll.min.js]
[abcgomel.ru/amilia/blog-masonry-ajax.html]
[abcgomel.ru/amilia/blog-timeline.html]
[abcgomel.ru/amilia/blog-full-width.html]
[abcgomel.ru/amilia/blog-small-image.html]
[abcgomel.ru/amilia/blog-left-sidebar.html]
[abcgomel.ru/amilia/blog-right-sidebar.html]
[abcgomel.ru/amilia/images/content/avatar-1.png]
[abcgomel.ru/amilia/blog-single-disqus.html]
[abcgomel.ru/amilia/blog-single-facebook.html]
[abcgomel.ru/amilia/blog-single.html]
[abcgomel.ru/amilia/blog-single-left.html]
[abcgomel.ru/amilia/contact.html]
[abcgomel.ru/amilia/contact2.html]
[abcgomel.ru/amilia/portfolio.html]
[abcgomel.ru/amilia/portfolio-single.html]
[abcgomel.ru/amilia/blog-large-images.html]
[abcgomel.ru/amilia/fonts/glyphicons-halflings-regular.eot]
[abcgomel.ru/amilia/fonts/glyphicons-halflings-regular.svg]
[abcgomel.ru/amilia/rs-plugin/assets/arrowright.png]
[abcgomel.ru/amilia/rs-plugin/font/revicons90c6.svg]
[sliderrevolution.com/index1882.html]
[sliderrevolution.com/index2840.html]
[sliderrevolution.com/indexca45.html]
[sliderrevolution.com/index99bc.html]
[sliderrevolution.com/index664a.html]
[abcgomel.ru/amilia/fonts/ElegantIcons.svg]
[abcgomel.ru/amilia/fonts/ElegantIcons.eot]
[abcgomel.ru/amilia/fonts/fontawesome-webfont78ce.woff]
[abcgomel.ru/amilia/fonts/Oswald-Light-webfont.svg]
[abcgomel.ru/amilia/fonts/Oswald-Regular-webfont.svg]
[abcgomel.ru/amilia/fonts/fontawesome-webfont78ce.svg]
[abcgomel.ru/amilia/fonts/Oswald-Bold-webfont.svg]
[abcgomel.ru/amilia/fonts/Oswald-Stencil-webfont.svg]
[abcgomel.ru/amilia/images/caret.html]
[abcgomel.ru/amilia/images/price-dash.html]
[abcgomel.ru/amilia/images/box-icons.html]
[abcgomel.ru/amilia/images/reade-more-bg.html]
[abcgomel.ru/amilia/images/list-icons.html]
[abcgomel.ru/amilia/images/icon-get-theme.html]
[abcgomel.ru/amilia/images/arrow-rm-white@2x.png]
[abcgomel.ru/amilia/images/content/device.png]
[abcgomel.ru/amilia/images/next-extra-small-black@2x.png]
[abcgomel.ru/amilia/images/revo-slider/jump-men.png]
[abcgomel.ru/amilia/js/jquery.imagesloaded.min.js]
[abcgomel.ru/amilia/images/loading.gif]
[abcgomel.ru/amilia/css/flexslider.css]
[abcgomel.ru/amilia/images/revo-slider/newyorkbg.jpg]
[abcgomel.ru/amilia/js/jquery.flexslider.js]
[abcgomel.ru/amilia/css/flexslider-for-posts.css]
[abcgomel.ru/amilia/images/content/blog-full-big-1.jpg]
[abcgomel.ru/amilia/images/content/blog-full-1.jpg]
[abcgomel.ru/amilia/images/content/blog-full-6.jpg]
[abcgomel.ru/amilia/images/content/blog-wide-3.jpg]
[abcgomel.ru/amilia/images/content/blog-wide-5.jpg]
[abcgomel.ru/amilia/images/content/blog-wide-6.jpg]
[abcgomel.ru/amilia/images/content/blog-sqr-3-popular.jpg]
[abcgomel.ru/amilia/images/content/blog-sqr-6-popular.jpg]
[abcgomel.ru/amilia/video/woman_sun.mp4]
[abcgomel.ru/amilia/video/woman_sun.webm]
[abcgomel.ru/amilia/video/video-slide-2.webm]
[abcgomel.ru/amilia/images/content/blog-big-1.jpg]
[farm9.staticflickr.com/8242/8558295633_f34a55c1c6_b.jpg]
[farm9.staticflickr.com/8242/8558295633_f34a55c1c6_s.jpg]
[farm9.staticflickr.com/8382/8558295631_0f56c1284f_b.jpg]
[farm9.staticflickr.com/8382/8558295631_0f56c1284f_s.jpg]
[farm9.staticflickr.com/8225/8558295635_b1c5ce2794_b.jpg]
[farm9.staticflickr.com/8225/8558295635_b1c5ce2794_s.jpg]
[farm9.staticflickr.com/8383/8563475581_df05e9906d_b.jpg]
[farm9.staticflickr.com/8383/8563475581_df05e9906d_s.jpg]
[farm9.staticflickr.com/8235/8559402846_8b7f82e05d_b.jpg]
[farm9.staticflickr.com/8235/8559402846_8b7f82e05d_s.jpg]
[farm9.staticflickr.com/8235/8558295467_e89e95e05a_b.jpg]
[farm9.staticflickr.com/8235/8558295467_e89e95e05a_s.jpg]
[farm9.staticflickr.com/8378/8559402848_9fcd90d20b_b.jpg]
[farm9.staticflickr.com/8378/8559402848_9fcd90d20b_s.jpg]
[abcgomel.ru/amilia/images/content/video-vimeo-bg.jpg]
[abcgomel.ru/amilia/shortcodes.html]
[abcgomel.ru/amilia/blog.html]
[abcgomel.ru/amilia/images/content/port-wide-6.jpg]
[abcgomel.ru/amilia/js/jquery.countdown.min.js]
[abcgomel.ru/amilia/images/content/port-big-2.jpg]
[abcgomel.ru/amilia/js/jflickrfeed.min.js]
[abcgomel.ru/amilia/images/content/port-single-2.jpg]
[abcgomel.ru/amilia/images/content/blog-sqr-7.jpg]
[abcgomel.ru/amilia/blog-masonry-page-2.html]
[connect.facebook.net/en_EN/sdk.js]
[abcgomel.ru/amilia/blog-single-facebook.html]
[abcgomel.ru/amilia/fonts/fontawesome-webfont78ce.svg]
[abcgomel.ru/amilia/rs-plugin/assets/small_right_boxed.png]
[abcgomel.ru/amilia/images/img/sliders/pattern.html]
[abcgomel.ru/amilia/css/fonts/flexslider-icon.eot]
[abcgomel.ru/amilia/css/fonts/flexslider-icond41d.eot]
[abcgomel.ru/amilia/fonts/Oswald-Bold-webfont.ttf]
[abcgomel.ru/amilia/css/fonts/flexslider-icon.woff]
[abcgomel.ru/amilia/css/fonts/flexslider-icon.ttf]
[abcgomel.ru/amilia/css/fonts/flexslider-icon.svg]
[abcgomel.ru/amilia/css/flexslider-for-posts.css]
[connect.facebook.net/en_EN/sdk.js]
[abcgomel.ru/amilia/css/fonts/flexslider-icon.svg]
[abcgomel.ru/amilia/video/woman_sun.mp4]
[abcgomel.ru/amilia/images/content/gmap-bg.jpg]
